[I 2026-09-09 17:51:31.201 ServerApp] jupyter_lsp | extension was successfully linked.
[I 2026-09-09 17:51:31.204 ServerApp] jupyter_server_terminals | extension was successfully linked.
[W 2026-09-09 17:51:31.206 LabApp] 'token' has moved from NotebookApp to ServerApp. This config will be passed to ServerApp. Be sure to update your config before our next release.
[W 2026-09-09 17:51:31.206 LabApp] 'password' has moved from NotebookApp to ServerApp. This config will be passed to ServerApp. Be sure to update your config before our next release.
[W 2026-09-09 17:51:31.209 ServerApp] ServerApp.token config is deprecated in 2.0. Use IdentityProvider.token.
[I 2026-09-09 17:51:31.209 ServerApp] jupyterlab | extension was successfully linked.
[I 2026-09-09 17:51:31.212 ServerApp] notebook | extension was successfully linked.
[I 2026-09-09 17:51:31.215 ServerApp] Writing Jupyter server cookie secret to /home/jovyan/.local/share/jupyter/runtime/jupyter_cookie_secret
[I 2026-09-09 17:51:31.504 ServerApp] notebook_shim | extension was successfully linked.
[W 2026-09-09 17:51:31.518 ServerApp] All authentication is disabled.  Anyone who can connect to this server will be able to run code.
[I 2026-09-09 17:51:31.518 ServerApp] notebook_shim | extension was successfully loaded.
[I 2026-09-09 17:51:31.520 ServerApp] jupyter_lsp | extension was successfully loaded.
[I 2026-09-09 17:51:31.521 ServerApp] jupyter_server_terminals | extension was successfully loaded.
[I 2026-09-09 17:51:31.523 LabApp] JupyterLab extension loaded from /home/jovyan/.local/lib/python3.10/site-packages/jupyterlab
[I 2026-09-09 17:51:31.523 LabApp] JupyterLab application directory is /home/jovyan/.local/share/jupyter/lab
[I 2026-09-09 17:51:31.523 LabApp] Extension Manager is 'pypi'.
[I 2026-09-09 17:51:31.549 ServerApp] jupyterlab | extension was successfully loaded.
[I 2026-09-09 17:51:31.552 ServerApp] notebook | extension was successfully loaded.
[I 2026-09-09 17:51:31.553 ServerApp] Serving notebooks from local directory: /home/jovyan
[I 2026-09-09 17:51:31.553 ServerApp] Jupyter Server 2.21.0 is running at:
[I 2026-09-09 17:51:31.553 ServerApp] http://0.0.0.0:8888/tree
[I 2026-09-09 17:51:31.553 ServerApp]     http://127.0.0.1:8888/tree
[I 2026-09-09 17:51:31.553 ServerApp] Use Control-C to stop this server and shut down all kernels (twice to skip confirmation).
[I 2026-09-09 17:51:31.570 ServerApp] Skipped non-installed server(s): basedpyright, bash-language-server, dockerfile-language-server-nodejs, javascript-typescript-langserver, jedi-language-server, julia-language-server, pyrefly, pyright, python-language-server, python-lsp-server, r-languageserver, sql-language-server, texlab, typescript-language-server, unified-language-server, vscode-css-languageserver-bin, vscode-html-languageserver-bin, vscode-json-languageserver-bin, yaml-language-server
